// Jest Snapshot v1, https://goo.gl/fbAQLP

exports[`errorHandle unclosedcomment 1`] = `
Object {
  "actual": "!--",
  "error": Array [
    "[xmldom error]	Unclosed comment
@#[line:1,col:1]",
  ],
}
`;
